// Jest Snapshot v1, https://goo.gl/fbAQLP

exports[`NavPanel should match the snapshot 1`] = `
<div>
  <div
    class="mt-9 mb-6"
  >
    <button
      class="pt-4 pb-3 px-6 text-sm font-medium text-aqua border-b-2 text-aqua"
    >
      1
       
      Product
    </button>
    <button
      class="pt-4 pb-3 px-6 text-sm font-medium text-aqua border-b-2 text-gray cursor-not-allowed"
    >
      2
       
      Addressess
    </button>
    <button
      class="pt-4 pb-3 px-6 text-sm font-medium text-aqua border-b-2 text-gray cursor-not-allowed"
    >
      3
       
      Overview
    </button>
  </div>
</div>
`;
